diff --git a/README.md b/README.md
index a51a154..8a955eb 100644
--- a/README.md
+++ b/README.md
@@ -1,4 +1,9 @@
-# 👨‍🚀 Astro - Portfolio Template
+# concode0.github.io
+
+Personal site for projects, upstream contributions, and technical notes.
+
+Built with Astro.
+
 <!-- ALL-CONTRIBUTORS-BADGE:START - Do not remove or modify this section -->
 [![All Contributors](https://img.shields.io/badge/all_contributors-5-orange.svg?style=flat-square)](#contributors-)
 <!-- ALL-CONTRIBUTORS-BADGE:END -->
diff --git a/astro.config.mjs b/astro.config.mjs
index 29eb40c..1fb74ac 100644
--- a/astro.config.mjs
+++ b/astro.config.mjs
@@ -3,20 +3,19 @@ import robotsTxt from "astro-robots-txt";
 import { defineConfig } from "astro/config";
 import { SITE_URL } from "./src/data/config";
 
+import sitemap from "@astrojs/sitemap";
+
 // https://astro.build/config
 export default defineConfig({
-  integrations: [
-    tailwind(),
-    robotsTxt({
-      sitemap: `${SITE_URL}/sitemap.xml`,
-    }),
-  ],
+  integrations: [tailwind(), robotsTxt({
+    sitemap: `${SITE_URL}/sitemap.xml`
+  }), sitemap()],
   site: SITE_URL,
   markdown: {
     syntaxHighlight: "shiki",
     shikiConfig: {
       theme: "nord",
-      wrap: false,
-    },
-  },
-});
+      wrap: false
+    }
+  }
+});
\ No newline at end of file
diff --git a/package-lock.json b/package-lock.json
index 9ec7e7d..810a88a 100644
--- a/package-lock.json
+++ b/package-lock.json
@@ -8,6 +8,7 @@
       "name": "astro-template-portfolio",
       "version": "0.0.1",
       "dependencies": {
+        "@astrojs/sitemap": "^3.7.4",
         "@astrojs/tailwind": "^5.1.0",
         "astro": "^4.5.12",
         "astro-font": "^0.0.77",
@@ -94,6 +95,25 @@
         "node": ">=18.14.1"
       }
     },
+    "node_modules/@astrojs/sitemap": {
+      "version": "3.7.4",
+      "resolved": "https://registry.npmjs.org/@astrojs/sitemap/-/sitemap-3.7.4.tgz",
+      "integrity": "sha512-LbKNC24bdUWcQf/pThB6qLlSqHojxGjZDURIzFocY8rlWnAn2t74nnhnK6S5x0NHriHoAduLEpVjRykmeGiVvA==",
+      "license": "MIT",
+      "dependencies": {
+        "sitemap": "^9.0.0",
+        "zod": "^4.3.6"
+      }
+    },
+    "node_modules/@astrojs/sitemap/node_modules/zod": {
+      "version": "4.6.5",
+      "resolved": "https://registry.npmjs.org/zod/-/zod-4.6.5.tgz",
+      "integrity": "sha512-v5l/aFXZQeai4awLbOpSoHecE9UiMrnfx75tEXLjNonXVARxQ5mOeipTjROUchszUNCqnE+hqAMujRsRHsut2Q==",
+      "license": "MIT",
+      "funding": {
+        "url": "https://github.com/sponsors/colinhacks"
+      }
+    },
     "node_modules/@astrojs/tailwind": {
       "version": "5.1.0",
       "resolved": "https://registry.npmjs.org/@astrojs/tailwind/-/tailwind-5.1.0.tgz",
@@ -1313,6 +1333,24 @@
       "resolved": "https://registry.npmjs.org/@types/unist/-/unist-2.0.10.tgz",
       "integrity": "sha512-IfYcSBWE3hLpBg8+X2SEa8LVkJdJEkT2Ese2aaLs3ptGdVtABxndrMaxuFlQ1qdFf9Q5rDvDpxI3WwgvKFAsQA=="
     },
+    "node_modules/@types/node": {
+      "version": "24.13.6",
+      "resolved": "https://registry.npmjs.org/@types/node/-/node-24.13.6.tgz",
+      "integrity": "sha512-SGrw/h3KPFshy3OE6ZL53LMBG5vGQQ8/gIpiqz/kRZhPJ7HgwCEs8LBuNtWLa8dvGZVpSF7+Bf+c11HUrCb/yg==",
+      "license": "MIT",
+      "dependencies": {
+        "undici-types": "~7.18.0"
+      }
+    },
+    "node_modules/@types/sax": {
+      "version": "1.2.7",
+      "resolved": "https://registry.npmjs.org/@types/sax/-/sax-1.2.7.tgz",
+      "integrity": "sha512-rO73L89PJxeYM3s3pPPjiPgVVcymqU490g0YO5n5By0k2Erzj6tay/4lr1CHAAU4JyOWd1rpQ8bCf6cZfHU96A==",
+      "license": "MIT",
+      "dependencies": {
+        "@types/node": "*"
+      }
+    },
     "node_modules/@types/unist": {
       "version": "3.0.2",
       "resolved": "https://registry.npmjs.org/@types/unist/-/unist-3.0.2.tgz",
@@ -2050,16 +2088,6 @@
         "node": ">=12"
       }
     },
-    "node_modules/astro/node_modules/@types/node": {
-      "version": "20.12.2",
-      "resolved": "https://registry.npmjs.org/@types/node/-/node-20.12.2.tgz",
-      "integrity": "sha512-zQ0NYO87hyN6Xrclcqp7f8ZbXNbRfoGWNcMvHTPQp9UUrwI0mI7XBz+cu7/W6/VClYo2g63B0cjull/srU7LgQ==",
-      "optional": true,
-      "peer": true,
-      "dependencies": {
-        "undici-types": "~5.26.4"
-      }
-    },
     "node_modules/astro/node_modules/string-width": {
       "version": "7.1.0",
       "resolved": "https://registry.npmjs.org/string-width/-/string-width-7.1.0.tgz",
@@ -7189,6 +7217,15 @@
         "suf-log": "^2.5.3"
       }
     },
+    "node_modules/sax": {
+      "version": "1.6.1",
+      "resolved": "https://registry.npmjs.org/sax/-/sax-1.6.1.tgz",
+      "integrity": "sha512-42tBVwLWnaQvW5zc4HbZrTuWccECCZfBi92FDuwtqxasH+JbPB3/FOKb1m222K42R4WxuxzzMsTswfzgtSu64Q==",
+      "license": "BlueOak-1.0.0",
+      "engines": {
+        "node": ">=11.0.0"
+      }
+    },
     "node_modules/section-matter": {
       "version": "1.0.0",
       "resolved": "https://registry.npmjs.org/section-matter/-/section-matter-1.0.0.tgz",
@@ -7345,6 +7382,25 @@
       "resolved": "https://registry.npmjs.org/sisteransi/-/sisteransi-1.0.5.tgz",
       "integrity": "sha512-bLGGlR1QxBcynn2d5YmDX4MGjlZvy2MRBDRNHLJ8VI6l6+9FUiyTFNJ0IveOSP0bcXgVDPRcfGqA0pjaqUpfVg=="
     },
+    "node_modules/sitemap": {
+      "version": "9.0.1",
+      "resolved": "https://registry.npmjs.org/sitemap/-/sitemap-9.0.1.tgz",
+      "integrity": "sha512-S6hzjGJSG3d6if0YoF5kTyeRJvia6FSTBroE5fQ0bu1QNxyJqhhinfUsXi9fH3MgtXODWvwo2BDyQSnhPQ88uQ==",
+      "license": "MIT",
+      "dependencies": {
+        "@types/node": "^24.9.2",
+        "@types/sax": "^1.2.1",
+        "arg": "^5.0.0",
+        "sax": "^1.4.1"
+      },
+      "bin": {
+        "sitemap": "dist/esm/cli.js"
+      },
+      "engines": {
+        "node": ">=20.19.5",
+        "npm": ">=10.8.2"
+      }
+    },
     "node_modules/source-map-js": {
       "version": "1.2.0",
       "resolved": "https://registry.npmjs.org/source-map-js/-/source-map-js-1.2.0.tgz",
@@ -7791,11 +7847,10 @@
       }
     },
     "node_modules/undici-types": {
-      "version": "5.26.5",
-      "resolved": "https://registry.npmjs.org/undici-types/-/undici-types-5.26.5.tgz",
-      "integrity": "sha512-JlCMO+ehdEIKqlFxk6IfVoAUVmgz7cU7zD/h9XZ0qzeosSHmUJVOzSQvvYSYWXkFXC+IfLKSIffhv0sVZup6pA==",
-      "optional": true,
-      "peer": true
+      "version": "7.18.2",
+      "resolved": "https://registry.npmjs.org/undici-types/-/undici-types-7.18.2.tgz",
+      "integrity": "sha512-AsuCzffGHJybSaRrmr5eHr81mwJU3kjw6M+uprWvCXiNeN9SOGwQ3Jn8jb8m3Z6izVgknn1R0FTCEAP2QrLY/w==",
+      "license": "MIT"
     },
     "node_modules/unherit": {
       "version": "3.0.1",
@@ -8314,6 +8369,22 @@
         "prismjs": "^1.29.0"
       }
     },
+    "@astrojs/sitemap": {
+      "version": "3.7.4",
+      "resolved": "https://registry.npmjs.org/@astrojs/sitemap/-/sitemap-3.7.4.tgz",
+      "integrity": "sha512-LbKNC24bdUWcQf/pThB6qLlSqHojxGjZDURIzFocY8rlWnAn2t74nnhnK6S5x0NHriHoAduLEpVjRykmeGiVvA==",
+      "requires": {
+        "sitemap": "^9.0.0",
+        "zod": "^4.3.6"
+      },
+      "dependencies": {
+        "zod": {
+          "version": "4.6.5",
+          "resolved": "https://registry.npmjs.org/zod/-/zod-4.6.5.tgz",
+          "integrity": "sha512-v5l/aFXZQeai4awLbOpSoHecE9UiMrnfx75tEXLjNonXVARxQ5mOeipTjROUchszUNCqnE+hqAMujRsRHsut2Q=="
+        }
+      }
+    },
     "@astrojs/tailwind": {
       "version": "5.1.0",
       "resolved": "https://registry.npmjs.org/@astrojs/tailwind/-/tailwind-5.1.0.tgz",
@@ -9063,6 +9134,22 @@
         }
       }
     },
+    "@types/node": {
+      "version": "24.13.6",
+      "resolved": "https://registry.npmjs.org/@types/node/-/node-24.13.6.tgz",
+      "integrity": "sha512-SGrw/h3KPFshy3OE6ZL53LMBG5vGQQ8/gIpiqz/kRZhPJ7HgwCEs8LBuNtWLa8dvGZVpSF7+Bf+c11HUrCb/yg==",
+      "requires": {
+        "undici-types": "~7.18.0"
+      }
+    },
+    "@types/sax": {
+      "version": "1.2.7",
+      "resolved": "https://registry.npmjs.org/@types/sax/-/sax-1.2.7.tgz",
+      "integrity": "sha512-rO73L89PJxeYM3s3pPPjiPgVVcymqU490g0YO5n5By0k2Erzj6tay/4lr1CHAAU4JyOWd1rpQ8bCf6cZfHU96A==",
+      "requires": {
+        "@types/node": "*"
+      }
+    },
     "@types/unist": {
       "version": "3.0.2",
       "resolved": "https://registry.npmjs.org/@types/unist/-/unist-3.0.2.tgz",
@@ -9457,16 +9544,6 @@
           "integrity": "sha512-N49X4lJX27+l9jbLKSqZ6bKNjzQvHaT8IIFUy+YIqmXQdjYCToGWwOItDrfby14c78aDd5NHQl29xingXfCdLQ==",
           "optional": true
         },
-        "@types/node": {
-          "version": "20.12.2",
-          "resolved": "https://registry.npmjs.org/@types/node/-/node-20.12.2.tgz",
-          "integrity": "sha512-zQ0NYO87hyN6Xrclcqp7f8ZbXNbRfoGWNcMvHTPQp9UUrwI0mI7XBz+cu7/W6/VClYo2g63B0cjull/srU7LgQ==",
-          "optional": true,
-          "peer": true,
-          "requires": {
-            "undici-types": "~5.26.4"
-          }
-        },
         "string-width": {
           "version": "7.1.0",
           "resolved": "https://registry.npmjs.org/string-width/-/string-width-7.1.0.tgz",
@@ -12892,6 +12969,11 @@
         "suf-log": "^2.5.3"
       }
     },
+    "sax": {
+      "version": "1.6.1",
+      "resolved": "https://registry.npmjs.org/sax/-/sax-1.6.1.tgz",
+      "integrity": "sha512-42tBVwLWnaQvW5zc4HbZrTuWccECCZfBi92FDuwtqxasH+JbPB3/FOKb1m222K42R4WxuxzzMsTswfzgtSu64Q=="
+    },
     "section-matter": {
       "version": "1.0.0",
       "resolved": "https://registry.npmjs.org/section-matter/-/section-matter-1.0.0.tgz",
@@ -12997,6 +13079,17 @@
       "resolved": "https://registry.npmjs.org/sisteransi/-/sisteransi-1.0.5.tgz",
       "integrity": "sha512-bLGGlR1QxBcynn2d5YmDX4MGjlZvy2MRBDRNHLJ8VI6l6+9FUiyTFNJ0IveOSP0bcXgVDPRcfGqA0pjaqUpfVg=="
     },
+    "sitemap": {
+      "version": "9.0.1",
+      "resolved": "https://registry.npmjs.org/sitemap/-/sitemap-9.0.1.tgz",
+      "integrity": "sha512-S6hzjGJSG3d6if0YoF5kTyeRJvia6FSTBroE5fQ0bu1QNxyJqhhinfUsXi9fH3MgtXODWvwo2BDyQSnhPQ88uQ==",
+      "requires": {
+        "@types/node": "^24.9.2",
+        "@types/sax": "^1.2.1",
+        "arg": "^5.0.0",
+        "sax": "^1.4.1"
+      }
+    },
     "source-map-js": {
       "version": "1.2.0",
       "resolved": "https://registry.npmjs.org/source-map-js/-/source-map-js-1.2.0.tgz",
@@ -13306,11 +13399,9 @@
       "peer": true
     },
     "undici-types": {
-      "version": "5.26.5",
-      "resolved": "https://registry.npmjs.org/undici-types/-/undici-types-5.26.5.tgz",
-      "integrity": "sha512-JlCMO+ehdEIKqlFxk6IfVoAUVmgz7cU7zD/h9XZ0qzeosSHmUJVOzSQvvYSYWXkFXC+IfLKSIffhv0sVZup6pA==",
-      "optional": true,
-      "peer": true
+      "version": "7.18.2",
+      "resolved": "https://registry.npmjs.org/undici-types/-/undici-types-7.18.2.tgz",
+      "integrity": "sha512-AsuCzffGHJybSaRrmr5eHr81mwJU3kjw6M+uprWvCXiNeN9SOGwQ3Jn8jb8m3Z6izVgknn1R0FTCEAP2QrLY/w=="
     },
     "unherit": {
       "version": "3.0.1",
diff --git a/package.json b/package.json
index c98c7a7..2ae1ca9 100644
--- a/package.json
+++ b/package.json
@@ -11,6 +11,7 @@
     "astro": "astro"
   },
   "dependencies": {
+    "@astrojs/sitemap": "^3.7.4",
     "@astrojs/tailwind": "^5.1.0",
     "astro": "^4.5.12",
     "astro-font": "^0.0.77",
diff --git a/src/components/ProjectCard.astro b/src/components/ProjectCard.astro
index e5c7f60..fb96f46 100644
--- a/src/components/ProjectCard.astro
+++ b/src/components/ProjectCard.astro
@@ -3,59 +3,46 @@ import type { Project } from "@/data/projects";
 
 type Props = Project;
 
-const { title, techs, link, isComingSoon } = Astro.props;
+const { title, description, techs, link } = Astro.props;
 
 const formatTechs = (values: string[]) =>
-  values.toString().replaceAll(",", " • ");
+  values.join(" · ");
 ---
 
-<>
-  {
-    isComingSoon && (
-      <div class="t group flex w-full flex-col justify-between gap-2 rounded-md border border-neutral-700 p-4 md:flex-row md:items-center">
-        <div class="flex flex-col gap-2 md:flex-row md:items-center md:gap-4">
-          <p class="text-neutral-100">{title}</p>
-          <p>{formatTechs(techs)}</p>
-        </div>
+<a
+  class="group block border-l border-neutral-800 py-1 pl-4 transition-colors duration-200 hover:border-cyan-400"
+  href={link}
+  target="_blank"
+>
+  <div class="flex items-start justify-between gap-6">
+    <div class="flex flex-col gap-2">
+      <div class="flex flex-col gap-1 md:flex-row md:items-baseline md:gap-4">
+        <p
+          class="font-medium text-neutral-100 transition-colors group-hover:text-cyan-300"
+        >
+          {title}
+        </p>
 
-        <p class="w-fit rounded-md bg-neutral-900 px-4 py-1">Soon</p>
+        <p
+          class="font-mono text-[11px] uppercase tracking-[0.1em] text-neutral-500"
+        >
+          {formatTechs(techs)}
+        </p>
       </div>
-    )
-  }
 
-  {
-    !isComingSoon && (
-      <a
-        class="group flex w-full cursor-pointer flex-col justify-between gap-2 rounded-md border border-neutral-700 p-4 transition-all duration-300 hover:-translate-y-2 hover:border-neutral-400 md:flex-row md:items-center"
-        href={link}
-        target="_blank"
-      >
-        <div class="flex flex-col gap-4 md:flex-row md:items-center">
-          <p class="text-neutral-100">{title}</p>
-          <p>{formatTechs(techs)}</p>
-        </div>
+      {
+        description && (
+          <p class="max-w-[65ch] leading-6 text-neutral-400">
+            {description}
+          </p>
+        )
+      }
+    </div>
 
-        <svg
-          width="18"
-          height="18"
-          viewBox="0 0 18 18"
-          fill="none"
-          class="transition-all duration-300 group-hover:translate-x-1"
-        >
-          <path
-            d="M5.25 12.75L12.75 5.25"
-            stroke="#999999"
-            stroke-linecap="round"
-            stroke-linejoin="round"
-          />
-          <path
-            d="M5.25 5.25H12.75V12.75"
-            stroke="#999999"
-            stroke-linecap="round"
-            stroke-linejoin="round"
-          />
-        </svg>
-      </a>
-    )
-  }
-</>
+    <span
+      class="font-mono text-xs text-neutral-600 transition-colors group-hover:text-cyan-300"
+    >
+      ↗
+    </span>
+  </div>
+</a>
\ No newline at end of file
diff --git a/src/components/seo/SEOTags.astro b/src/components/seo/SEOTags.astro
index 62ca305..fdd4266 100644
--- a/src/components/seo/SEOTags.astro
+++ b/src/components/seo/SEOTags.astro
@@ -1,4 +1,5 @@
 ---
+import { ViewTransitions } from "astro:transitions";
 import { SITE_URL } from "@/data/config";
 import type { HeadTags } from "@/utils/types/HeadTags";
 import { AstroFont } from "astro-font";
@@ -8,9 +9,9 @@ type Props = HeadTags;
 
 const { title, description, noindex, og } = Astro.props;
 
-const DEFAULT_TITLE_PAGE = "Astro - Portfolio template";
+const DEFAULT_TITLE_PAGE = "Concode0";
 const DEFAULT_DESCRIPTION_PAGE =
-  "A minimal portfolio template built with Astro and Tailwindcss.";
+  "Projects, open-source work, and technical notes by Concode0.";
 const DEFAULT_URL_SITE = SITE_URL;
 
 const openGraph = {
@@ -39,28 +40,8 @@ const openGraph = {
         alt: openGraph.alt,
       },
     }}
-    twitter={{
-      creator: "@itsstormzz_",
-    }}
-    extend={{
-      link: [
-        { rel: "icon", href: "/favicon.svg" },
-        { rel: "sitemap", href: "/sitemap.xml" },
-      ],
-      meta: [
-        { name: "viewport", content: "width=device-width, initial-scale=1" },
-        { name: "generator", content: Astro.generator },
-        {
-          name: "twitter:image",
-          content: openGraph.image,
-        },
-        { name: "twitter:card", content: "summary_large_image" },
-        { name: "twitter:title", content: openGraph.title },
-        { name: "twitter:description", content: openGraph.description },
-        { name: "twitter:site", content: "@itsstormzz_" },
-      ],
-    }}
   />
+  <ViewTransitions fallback="swap" />
   <AstroFont
     config={[
       {
@@ -68,11 +49,22 @@ const openGraph = {
         preload: false,
         display: "swap",
         selector: "html",
-        name: "Open Sans",
+        name: "IBM Plex Sans",
         fallback: "sans-serif",
-        cssVariable: "font-open-sans",
+        cssVariable: "font-ibm-plex-sans",
+        googleFontsURL:
+          "https://fonts.googleapis.com/css2?family=IBM+Plex+Sans:wght@400;500;600&display=swap",
+      },
+      {
+        src: [],
+        preload: false,
+        display: "swap",
+        selector: "html",
+        name: "IBM Plex Mono",
+        fallback: "monospace",
+        cssVariable: "font-ibm-plex-mono",
         googleFontsURL:
-          "https://fonts.googleapis.com/css2?family=Open+Sans&display=swap",
+          "https://fonts.googleapis.com/css2?family=IBM+Plex+Mono:wght@400;500&display=swap",
       },
     ]}
   />
diff --git a/src/content/posts/01-the-power-of-react-hooks copy.md b/src/content/posts/01-the-power-of-react-hooks copy.md
deleted file mode 100644
index cc009c7..0000000
--- a/src/content/posts/01-the-power-of-react-hooks copy.md	
+++ /dev/null
@@ -1,54 +0,0 @@
----
-title: "The Power Of React Hooks"
-publishedAt: 2023-05-24
-description: "Lorem ipsum dolor sit amet consectetur et ultrices blandit neque ege"
-slug: "the-power-of-react-hooks"
-isPublish: true
----
-
-## Vocesque meum remis est neque Neptunus monte
-
-Lorem markdownum nunc _adfuit_ fecisse, `quae pectus`, quod seu mortale suo
-Minerva iussit obortas. Favilla victa; alarum signis barbara, nec _sibi dentes_
-hostes?
-
-## Corporibus Leucon
-
-Quaeque viridis, pariter possit. Velatus Thetis, ab Buten, in et ite positis
-annis ut Troasque altaque. Ancaeus convertit conscia Phinea petis. Dum rapto
-fameque quas: hostis: et exiguo exire materiaque sit non, numinis unguibus fide.
-Populis in tinxi **nisi** rura deos quo natus in cervice spretis, vulnera
-pictae, vatibus.
-
-> Illi tenebras si vultum suae. Matrem iam: iniqua adire, tetigere meque,
-> cessant, gerebat.
-
-## Montes ignarus precor rogabam primus ridet sanguine
-
-In vir indefessus et patrios veniam. Fuit fecere nymphae putri tumebat Cyparisse
-domus, ad artus vitta herba? Et gaudet pressum aeterna animam. Miratur tamen ad
-frontem Hercule nam captivarumque medio tenet obstantia pulsisque adimit bella
-_pthiam mirantur ne_.
-
-> Lacertis et nomenque oracla exstabat: genitor nitor! Fluctus habes extinctum.
-> Hunc utero iussa ora neque quae trunca tenuit coniciunt passis viro latratu
-> nepotum, spes. Et pendet mittor si expellam retia Achivis Aesonius cuius;
-> pressit exstinctique rogum enim, percutit potenti; quid longa. Nostra animaque
-> genetrice viae, quam virus sermone in videri.
-
-## Rapit harundine vana
-
-Noctis et et carpis corpus amplexus; imagine indignanda pedum sospes; cornua
-super **et simus**. Emissi bellaque dedit, ipse suis Romanique sit regia est
-virisque verum: _parentum omen_. Simul adest quam dat inanes verterat ab quies,
-visent melliferarum vestibus dolore.
-
-Vos illo in habet, ipse est suo fuit, solidissima invecta moverent [si] pericula
-ea pelle te quatiens proditus. Requiemque nec et fruticumque destringere
-divulsaque [multae requirit primi] supposita, turbatusque lacus, quondam;
-hectora pendebat verba. Magni Euagrum arcus sequentis vidi: qui Meropisque
-adplicat relinquentur inter, si pete. Magna constitit ore rediit et parentis
-pomaria lumina seque aura.
-
-[multae requirit primi]: http://heu.io/
-[si]: http://infelixlucina.net/mutati
diff --git a/src/content/posts/02-untitled.md b/src/content/posts/02-untitled.md
deleted file mode 100644
index e3162f5..0000000
--- a/src/content/posts/02-untitled.md
+++ /dev/null
@@ -1,9 +0,0 @@
----
-title: "Untitled"
-publishedAt: 2023-05-24
-description: "Lorem ipsum dolor sit amet consectetur et ultrices blandit neque ege"
-slug: "untitled"
-isPublish: true
----
-
-## Hello World
diff --git a/src/data/projects.ts b/src/data/projects.ts
index 6093d08..ce40b88 100644
--- a/src/data/projects.ts
+++ b/src/data/projects.ts
@@ -1,22 +1,54 @@
 export type Project = {
   title: string;
+  description?: string;
   techs: string[];
   link: string;
-  isComingSoon?: boolean;
 };
 
-const projects: Project[] = [
+export const projects: Project[] = [
   {
     title: "Clifra",
+    description:
+      "A differentiable Clifford algebra computation layer for PyTorch, built around semantic layouts and reusable planned execution.",
     techs: ["Python", "PyTorch", "Clifford Algebra"],
     link: "https://github.com/Concode0/clifra",
   },
   {
     title: "Clifra Model Bench",
-    techs: ["PyTorch", "Geometric Deep Learning", "Benchmarking"],
+    description:
+      "Matched reference and Clifra-native implementations of geometric deep learning models, with correctness and performance comparisons across CPU, MPS, and CUDA.",
+    techs: ["PyTorch", "Benchmarking", "Geometric ML"],
     link: "https://github.com/Concode0/clifra-model-bench",
-  }
+  },
+  {
+    title: "basin",
+    description:
+      "A distributed-systems sandbox exploring decentralized load balancing through local Clifford-algebra routing signals.",
+    techs: ["Go", "Distributed Systems", "Clifford Algebra"],
+    link: "https://github.com/Concode0/basin",
+  },
 ];
 
-
-export default projects;
+export const openSourceWork: Project[] = [
+  {
+    title: "Kingdon",
+    description:
+      "Fixed handling of out-of-range basis blades in MultiVector construction. A larger semantic blade-key refactor is currently under review.",
+    techs: ["Python", "Geometric Algebra", "Merged Upstream"],
+    link: "https://github.com/tBuLi/kingdon/pull/148",
+  },
+  {
+    title: "espp",
+    description:
+      "Contributed BMI270 calibration support and several ESP32-C3 compatibility fixes, including interrupt, I2C, and initialization paths.",
+    techs: ["C++", "ESP32-C3", "BMI270", "Merged Upstream"],
+    link: "https://github.com/esp-cpp/espp/pull/595",
+  },
+  {
+    title: "PyTorch",
+    description:
+      "Fixed an incorrect T8 coefficient in torch.linalg.matrix_exp and added focused forward and backward regression tests.",
+    techs: ["C++", "PyTorch", "Numerical Computing", "Merged Upstream"],
+    link: "https://github.com/pytorch/pytorch/pull/196658",
+  },
+];
\ No newline at end of file
diff --git a/src/data/theme.ts b/src/data/theme.ts
index cf5876a..b1c9dde 100644
--- a/src/data/theme.ts
+++ b/src/data/theme.ts
@@ -12,10 +12,10 @@ type Theme = {
 
 const theme: Theme = {
   colors: {
-    primary: "orange",
+    primary: "cyan",
     blur: {
-      top: "orange",
-      bottom: "violet",
+      top: "cyan",
+      bottom: "indigo",
     },
   },
 };
diff --git a/src/layouts/Layout.astro b/src/layouts/Layout.astro
index 0ab6dbe..fa31229 100644
--- a/src/layouts/Layout.astro
+++ b/src/layouts/Layout.astro
@@ -17,7 +17,7 @@ const headTags = Astro.props;
 <html lang="en">
   <SEOTags {...headTags} />
   <body
-    class="mx-auto flex min-h-screen max-w-[872px] flex-col gap-9 bg-neutral-950 px-10 py-8 text-sm text-neutral-400 md:gap-20 md:py-16"
+    class="mx-auto flex min-h-screen max-w-[872px] flex-col gap-9 bg-neutral-950 px-10 py-8 text-base text-neutral-400 md:gap-20 md:py-16"
   >
     <Header />
     <BlurCircle position="top" color={theme.colors.blur.top} />
diff --git a/src/pages/index.astro b/src/pages/index.astro
index c900325..49d2d4e 100644
--- a/src/pages/index.astro
+++ b/src/pages/index.astro
@@ -10,7 +10,7 @@ import Link from "@/components/shared/Link.astro";
 import convertAsteriskToStrongTag from "@/utils/convertAsteriskToStrongTag";
 
 import presentation from "@/data/presentation";
-import projects from "@/data/projects";
+import { projects, openSourceWork } from "@/data/projects";
 
 const posts = (await getCollection("posts"))
   .filter((post) => 
@@ -41,12 +41,12 @@ const posts = (await getCollection("posts"))
       }
 
       <div class="flex flex-col gap-8">
-        <h1 class="text-3xl text-neutral-100">
+        <h1 class="text-4xl font-medium tracking-tight text-neutral-100">
           {presentation.title}
         </h1>
 
         <h2
-          class="w-auto max-w-[60ch] leading-6"
+          class="w-auto max-w-[58ch] text-lg leading-7"
           set:html={convertAsteriskToStrongTag(presentation.description)}
         />
 
@@ -54,10 +54,42 @@ const posts = (await getCollection("posts"))
       </div>
     </article>
 
+    <article class="flex flex-col gap-8">
+      <header>
+        <h3 class="text-lg text-neutral-100">
+          01 — Projects
+        </h3>
+      </header>
+
+      <section class="flex flex-col gap-4">
+        {
+          projects.map((project) => (
+            <ProjectCard {...project} />
+          ))
+        }
+      </section>
+    </article>
+
+    <article class="flex flex-col gap-8">
+      <header>
+        <h3 class="text-lg text-neutral-100">
+          02 — Upstream
+        </h3>
+      </header>
+
+      <section class="flex flex-col gap-4">
+        {
+          openSourceWork.map((project) => (
+            <ProjectCard {...project} />
+          ))
+        }
+      </section>
+    </article>
+
     <article class="flex flex-col gap-8">
       <header class="flex w-full flex-row justify-between gap-2">
-        <h3 class="text-lg text-neutral-100">Latest posts</h3>
-        <Link href="/posts" label="See all posts" isUnderline target="_self" />
+        <h3 class="text-lg text-neutral-100">Notes</h3>
+        <Link href="/posts" label="See all notes" isUnderline target="_self" />
       </header>
       {posts.length === 0 && <p>Soon, stay connected 👀...</p>}
 
@@ -78,21 +110,6 @@ const posts = (await getCollection("posts"))
       </section>
     </article>
 
-    <article class="flex flex-col gap-8">
-      <header class="flex w-full flex-row justify-between gap-2">
-        <h3 class="text-lg text-neutral-100">
-          Selected projects ({projects.length})
-        </h3>
-      </header>
-      {projects.length === 0 && <p>Oops, I must work^^^^^</p>}
-
-      <section class="flex flex-col gap-4">
-        {
-          projects.length !== 0 &&
-            projects.map((project) => <ProjectCard {...project} />)
-        }
-      </section>
-    </article>
 
     <article class="flex flex-col gap-8">
       <header class="flex w-full flex-row justify-between gap-2">
@@ -102,7 +119,7 @@ const posts = (await getCollection("posts"))
         Email me at <Link
           href={`mailto:${presentation.mail}`}
           label={presentation.mail}
-        /> or follow me via my social links.
+        />
       </p>
 
       <SocialLinks />
diff --git a/tailwind.config.cjs b/tailwind.config.cjs
index fbf748f..91704c2 100644
--- a/tailwind.config.cjs
+++ b/tailwind.config.cjs
@@ -6,7 +6,8 @@ module.exports = {
   theme: {
     extend: {
       fontFamily: {
-        sans: ["var(--font-open-sans)", ...defaultTheme.fontFamily.sans],
+        sans: ["var(--font-ibm-plex-sans)", ...defaultTheme.fontFamily.sans],
+        mono: ["var(--font-ibm-plex-mono)", ...defaultTheme.fontFamily.mono],
       },
     },
   },
